Saving debug log to /var/log/letsencrypt/letsencrypt.log
Requesting a certificate for heimdall-logtech.com and www.heimdall-logtech.com
Hook '--manual-auth-hook' for heimdall-logtech.com ran with error output:
 Waiting for DNS propagation of _acme-challenge.heimdall-logtech.com = _GzSrytkaFMFEpc6chy-qqtkGjHapmFL523CgrPMni4
 DNS propagated, continuing.
Hook '--manual-auth-hook' for www.heimdall-logtech.com ran with error output:
 Waiting for DNS propagation of _acme-challenge.www.heimdall-logtech.com = QwxiyMZ5cyWzQIH1_NNQYEQ3q9rEnZNH5k746m6zx1s
 DNS propagated, continuing.

Successfully received certificate.
Certificate is saved at: /etc/letsencrypt/live/heimdall-logtech.com/fullchain.pem
Key is saved at:         /etc/letsencrypt/live/heimdall-logtech.com/privkey.pem
This certificate expires on 2026-10-09.
These files will be updated when the certificate renews.
NEXT STEPS:
- The certificate will need to be renewed before it expires. Certbot can automatically renew the certificate in the background, but you may need to take steps to enable that functionality. See https://certbot.org/renewal-setup for instructions.

- - - - - - - - - - - - - - - - - - - - - - - - - - - - - - - - - - - - - - - -
If you like Certbot, please consider supporting our work by:
 * Donating to ISRG / Let's Encrypt:   https://letsencrypt.org/donate
 * Donating to EFF:                    https://eff.org/donate-le
- - - - - - - - - - - - - - - - - - - - - - - - - - - - - - - - - - - - - - - -
